PR1 migrations 000061-000064 — verification log (2026-07-03)
Environment: ephemeral pgvector/pgvector:pg15 container (pg-migtest, port 55432)

1. FULL CHAIN UP (1 → 64): OK
   61/u org_seat_allocations (150ms)
   62/u user_activation (133ms)
   63/u invitations_role_plan (128ms)
   64/u per_therapist_usage_counters (133ms)
   migrate version → 64

2. DOWN ×4 (64 → 60): OK
   64/d per_therapist_usage_counters
   63/d invitations_role_plan
   62/d user_activation
   61/d org_seat_allocations
   migrate version → 60

3. RE-UP (60 → 64): OK — down migrations fully reversible.

4. CONSTRAINT SMOKE (psql, ON_ERROR_STOP=0):
   [PASS] chk_seat_alloc_seats: seats=-1 rejected
   [PASS] chk_invitations_allocation_by_role / chk_invitations_invitable_role:
          invited_role=SUPERWIZOR_ADMIN rejected
   [PASS] ORG_ADMIN invite with allocation_id rejected
   [PASS] uq_one_active_seat_per_user: 2nd open seat_assignment for same user
          rejected; after UPDATE unassigned_at=now() re-assignment succeeds
   [PASS] org-level (therapist_id NULL) + per-therapist counter coexist in the
          same subscription+period (counters_total=2, per_therapist=1)
   [PASS] uq_usage_counters_therapist_period: duplicate per-therapist counter
          rejected
   [PASS] uq_usage_counters_org_period: duplicate org-level counter rejected
          (old UNIQUE(subscription_id, period_start) correctly replaced)
   [PASS] pending_reservations.therapist_id accepts UUID (and NULL by default)
   [PASS] users.is_active default TRUE, deactivated_at NULL on existing rows
