
> marketing-site@0.1.0 build /Users/dpiotrak/supervisorai_v2/ai/marketing-site
> next build

▲ Next.js 16.2.6 (Turbopack)

  Creating an optimized production build ...
✓ Compiled successfully in 4.7s
  Running TypeScript ...
  Finished TypeScript in 6.6s ...
  Collecting page data using 5 workers ...
  Generating static pages using 5 workers (0/5) ...
  Generating static pages using 5 workers (1/5) 
  Generating static pages using 5 workers (2/5) 
  Generating static pages using 5 workers (3/5) 
✓ Generating static pages using 5 workers (5/5) in 1324ms
  Finalizing page optimization ...

Route (app)
┌ ○ /_not-found
└ ● /[locale]
  ├ /pl
  └ /en


ƒ Proxy (Middleware)

○  (Static)  prerendered as static content
●  (SSG)     prerendered as static HTML (uses generateStaticParams)

