Resolving dependencies...
Downloading packages...
  _fe_analyzer_shared 91.0.0 (100.0.0 available)
  _flutterfire_internals 1.3.69 (1.3.71 available)
  analyzer 8.4.1 (13.0.0 available)
  cli_util 0.4.2 (0.5.1 available)
  cloud_firestore 6.3.0 (6.4.1 available)
  cloud_firestore_platform_interface 7.2.0 (8.0.1 available)
  cloud_firestore_web 5.3.0 (5.4.1 available)
  code_assets 1.0.0 (1.2.0 available)
  connectivity_plus 6.1.5 (7.1.1 available)
  dart_style 3.1.3 (3.1.9 available)
  dbus 0.7.12 (0.7.13 available)
  device_info_plus 11.5.0 (13.1.0 available)
  device_info_plus_platform_interface 7.0.3 (8.1.0 available)
  extension 0.6.0 (1.0.0 available)
  firebase_auth 6.4.0 (6.5.1 available)
  firebase_auth_platform_interface 8.1.9 (9.0.1 available)
  firebase_auth_web 6.1.5 (6.2.1 available)
  firebase_core 4.7.0 (4.9.0 available)
  firebase_core_platform_interface 6.0.3 (7.0.1 available)
  firebase_core_web 3.6.0 (3.7.0 available)
  firebase_messaging 16.2.0 (16.2.2 available)
  firebase_messaging_platform_interface 4.7.9 (4.7.11 available)
  firebase_messaging_web 4.1.5 (4.1.7 available)
  firebase_storage 13.3.0 (13.4.1 available)
  firebase_storage_platform_interface 5.2.20 (6.0.1 available)
  firebase_storage_web 3.11.5 (3.11.7 available)
  flutter_markdown 0.7.7+1 (discontinued replaced by flutter_markdown_plus)
  flutter_secure_storage 9.2.4 (10.3.0 available)
  flutter_secure_storage_linux 1.2.3 (3.0.1 available)
  flutter_secure_storage_macos 3.1.3 (4.0.0 available)
  flutter_secure_storage_platform_interface 1.1.2 (2.0.1 available)
  flutter_secure_storage_web 1.2.1 (2.1.1 available)
  flutter_secure_storage_windows 3.1.2 (4.2.2 available)
  google_cloud 0.4.1 (0.5.0 available)
  googleapis_auth 2.3.0 (2.3.1 available)
  hooks 1.0.3 (2.0.0 available)
  image 4.8.0 (4.9.0 available)
  js 0.6.7 (0.7.2 available)
  json_annotation 4.11.0 (4.12.0 available)
  matcher 0.12.19 (0.12.20 available)
  meta 1.17.0 (1.18.2 available)
  mockito 5.6.4 (5.7.0 available)
  native_toolchain_c 0.17.6 (0.19.0 available)
  objective_c 9.3.0 (9.4.1 available)
  package_info_plus 9.0.1 (10.1.0 available)
  package_info_plus_platform_interface 3.2.1 (4.1.0 available)
  pointycastle 3.9.1 (4.0.0 available)
  qr 3.0.2 (4.0.0 available)
  record 6.2.0 (7.0.0 available)
  record_android 1.5.1 (2.0.1 available)
  record_ios 1.2.0 (2.0.0 available)
  record_linux 1.3.0 (2.0.0 available)
  record_macos 1.2.1 (2.0.0 available)
  record_platform_interface 1.5.0 (2.0.0 available)
  record_web 1.3.0 (2.0.0 available)
  record_windows 1.0.7 (2.0.0 available)
  share_plus 11.1.0 (13.1.0 available)
  share_plus_platform_interface 6.1.0 (7.1.0 available)
  synchronized 3.4.0 (3.4.0+1 available)
  test 1.30.0 (1.31.1 available)
  test_api 0.7.10 (0.7.12 available)
  test_core 0.6.16 (0.6.18 available)
  url_launcher_android 6.3.29 (6.3.30 available)
  vector_graphics 1.2.1 (1.2.2 available)
  vector_graphics_compiler 1.2.2 (1.2.3 available)
  vector_math 2.2.0 (2.3.0 available)
  wakelock_plus 1.5.2 (1.6.1 available)
  wakelock_plus_platform_interface 1.4.0 (1.5.1 available)
  win32 5.15.0 (6.3.0 available)
  win32_registry 2.1.0 (3.0.3 available)
  xml 6.6.1 (7.0.1 available)
Got dependencies!
1 package is discontinued.
70 packages have newer versions incompatible with dependency constraints.
Try `flutter pub outdated` for more information.
Compiling lib/main.dart for the Web...                             67.3s
✓ Built build/web
